

Total extensions = 43
Total files  = 4411
----------|----------|-----------
Tipo      | Total    | % 
----------|----------|-----------
.7z       |       375|    8.5015
.INF      |         1|    0.0227
.appcache |         1|    0.0227
.asmx     |         0|    0.0000
.asp      |        12|    0.2720
.aspx     |        32|    0.7255
.cab      |        92|    2.0857
.chain    |         5|    0.1134
.crl      |         6|    0.1360
.crt      |         0|    0.0000
.css      |       131|    2.9698
.dat      |         1|    0.0227
.eot      |         4|    0.0907
.exe      |         6|    0.1360
.ghtml    |         3|    0.0680
.gif      |        70|    1.5869
.gz       |        14|    0.3174
.htm      |        60|    1.3602
.html     |       138|    3.1285
.ico      |        42|    0.9522
.jpeg     |        45|    1.0202
.jpg      |       327|    7.4133
.jpgx     |        10|    0.2267
.js       |       786|   17.8191
.json     |        72|    1.6323
.jsonp    |         7|    0.1587
.mp       |         2|    0.0453
.pdf      |         1|    0.0227
.pem      |         1|    0.0227
.php      |       201|    4.5568
.pl       |         4|    0.0907
.png      |       266|    6.0304
.shtml    |         2|    0.0453
.svc      |        32|    0.7255
.svg      |       338|    7.6627
.ttf      |        11|    0.2494
.txt      |         5|    0.1134
.webp     |       826|   18.7259
.webpx    |         4|    0.0907
.woff     |        80|    1.8136
.woff2    |        70|    1.5869
.xml      |       300|    6.8012
.zck      |        28|    0.6348
---------------------------------

